// Jest Snapshot v1, https://goo.gl/fbAQLP

exports[`HostStatus renders HostStatus 1`] = `
<Fragment>
  <span
    className="pficon pficon-ok"
  />
   success
</Fragment>
`;
