// Jest Snapshot v1, https://goo.gl/fbAQLP

exports[`HostStatus renders 1`] = `
<div>
  <Icon
    name="ok"
    type="pf"
  />
   
  success
</div>
`;
