// Jest Snapshot v1, https://goo.gl/fbAQLP

exports[`TargetingHostsSelectors should return apiStatus 1`] = `"RESOLVED"`;

exports[`TargetingHostsSelectors should return autoRefresh 1`] = `"true"`;

exports[`TargetingHostsSelectors should return hosts 1`] = `Array []`;

exports[`TargetingHostsSelectors should return intervalExists 1`] = `false`;

exports[`TargetingHostsSelectors should return totalHosts 1`] = `0`;
