// Jest Snapshot v1, https://goo.gl/fbAQLP

exports[`GroupedSelectField rendering renders with props 1`] = `
<FormGroup
  fieldId="field-id"
  label="grouped select"
>
  <mockConstructor
    className="without_select2"
    isGrouped={true}
    isOpen={false}
    onClear={[Function]}
    onFilter={[Function]}
    onSelect={[Function]}
    onToggle={[Function]}
    selections={170}
    variant="typeahead"
  >
    <SelectGroup
      key="0"
      label="Ansible"
    >
      <mockConstructor
        key="0"
        onClick={[Function]}
        value="Ansible Roles - Ansible Default"
      />
      <mockConstructor
        key="1"
        onClick={[Function]}
        value="Ansible Roles - Install from git"
      />
    </SelectGroup>
  </mockConstructor>
</FormGroup>
`;
